

============================== 11:51:12.757312 | dd3f07c4-eaed-483b-9c45-2d31b9176b31 ==============================
[0m11:51:12.757312 [info ] [Dummy-1   ]: Running with dbt=1.9.4
[0m11:51:12.758165 [debug] [Dummy-1   ]: running dbt with arguments {'printer_width': '80', 'indirect_selection': 'eager', 'write_json': 'True', 'log_cache_events': 'False', 'partial_parse': 'True', 'cache_selected_only': 'False', 'profiles_dir': '/tmp/dbt/', 'version_check': 'True', 'debug': 'False', 'log_path': '/tmp/dbt/logs', 'warn_error': 'None', 'fail_fast': 'False', 'use_colors': 'True', 'use_experimental_parser': 'False', 'empty': 'False', 'quiet': 'False', 'no_print': 'None', 'warn_error_options': 'WarnErrorOptions(include=[], exclude=[])', 'invocation_command': 'dbt ', 'log_format': 'default', 'static_parser': 'True', 'target_path': '/tmp/dbt/target/', 'introspect': 'True', 'send_anonymous_usage_stats': 'False'}
[0m11:51:13.034546 [info ] [Dummy-1   ]: Registered adapter: snowflake=1.9.2
[0m11:51:13.449636 [debug] [Dummy-1   ]: checksum: 53ed91fada2233efb98368d1716b44ab532c83a9c293cf1890b7905d5b45fb25, vars: {}, profile: , target: dev, version: 1.9.4
[0m11:51:13.450935 [info ] [Dummy-1   ]: Unable to do partial parsing because saved manifest not found. Starting full parse.
[0m11:51:14.462005 [error] [Dummy-1   ]: Encountered an error:
Parsing Error
  Failed to render models/sources/raw.yml from project dbt_ingestion: Parsing Error
    Env var required but not provided: 'SNOWFLAKE_DATABASE'
[0m11:51:14.463810 [debug] [Dummy-1   ]: Resource report: {"command_name": "run", "command_success": false, "command_wall_clock_time": 1.7802083, "process_in_blocks": "0", "process_kernel_time": 0.79, "process_mem_max_rss": "452304", "process_out_blocks": "0", "process_user_time": 4.16}
[0m11:51:14.464474 [debug] [Dummy-1   ]: Command `cli run` failed at 11:51:14.464209 after 1.78 seconds
[0m11:51:14.465061 [debug] [Dummy-1   ]: Flushing usage events


============================== 11:52:09.485979 | a0ac3bf3-4286-48a7-91b5-7e88a0cc333e ==============================
[0m11:52:09.485979 [info ] [Dummy-1   ]: Running with dbt=1.9.4
[0m11:52:09.486819 [debug] [Dummy-1   ]: running dbt with arguments {'printer_width': '80', 'indirect_selection': 'eager', 'write_json': 'True', 'log_cache_events': 'False', 'partial_parse': 'True', 'cache_selected_only': 'False', 'profiles_dir': '/tmp/dbt/', 'debug': 'False', 'version_check': 'True', 'log_path': '/tmp/dbt/logs', 'fail_fast': 'False', 'warn_error': 'None', 'use_colors': 'True', 'use_experimental_parser': 'False', 'empty': 'False', 'quiet': 'False', 'no_print': 'None', 'log_format': 'default', 'invocation_command': 'dbt ', 'static_parser': 'True', 'introspect': 'True', 'target_path': '/tmp/dbt/target/', 'warn_error_options': 'WarnErrorOptions(include=[], exclude=[])', 'send_anonymous_usage_stats': 'False'}
[0m11:52:09.763123 [info ] [Dummy-1   ]: Registered adapter: snowflake=1.9.2
[0m11:52:10.177162 [debug] [Dummy-1   ]: checksum: 53ed91fada2233efb98368d1716b44ab532c83a9c293cf1890b7905d5b45fb25, vars: {}, profile: , target: dev, version: 1.9.4
[0m11:52:10.178549 [info ] [Dummy-1   ]: Unable to do partial parsing because saved manifest not found. Starting full parse.
[0m11:52:11.199071 [error] [Dummy-1   ]: Encountered an error:
Parsing Error
  Failed to render models/sources/raw.yml from project dbt_ingestion: Parsing Error
    Env var required but not provided: 'SNOWFLAKE_DATABASE'
[0m11:52:11.200832 [debug] [Dummy-1   ]: Resource report: {"command_name": "run", "command_success": false, "command_wall_clock_time": 1.7879562, "process_in_blocks": "0", "process_kernel_time": 0.77, "process_mem_max_rss": "443956", "process_out_blocks": "0", "process_user_time": 4.14}
[0m11:52:11.201491 [debug] [Dummy-1   ]: Command `cli run` failed at 11:52:11.201205 after 1.79 seconds
[0m11:52:11.202067 [debug] [Dummy-1   ]: Flushing usage events


============================== 11:53:54.493380 | 650489ca-c60d-4c6d-8ac1-5c8149824b94 ==============================
[0m11:53:54.493380 [info ] [Dummy-1   ]: Running with dbt=1.9.4
[0m11:53:54.494257 [debug] [Dummy-1   ]: running dbt with arguments {'printer_width': '80', 'indirect_selection': 'eager', 'write_json': 'True', 'log_cache_events': 'False', 'partial_parse': 'True', 'cache_selected_only': 'False', 'profiles_dir': '/tmp/dbt/', 'debug': 'False', 'version_check': 'True', 'log_path': '/tmp/dbt/logs', 'fail_fast': 'False', 'warn_error': 'None', 'use_colors': 'True', 'use_experimental_parser': 'False', 'empty': 'False', 'quiet': 'False', 'no_print': 'None', 'log_format': 'default', 'static_parser': 'True', 'introspect': 'True', 'invocation_command': 'dbt ', 'target_path': '/tmp/dbt/target/', 'warn_error_options': 'WarnErrorOptions(include=[], exclude=[])', 'send_anonymous_usage_stats': 'False'}
[0m11:53:54.772356 [info ] [Dummy-1   ]: Registered adapter: snowflake=1.9.2
[0m11:53:55.186555 [debug] [Dummy-1   ]: checksum: 53ed91fada2233efb98368d1716b44ab532c83a9c293cf1890b7905d5b45fb25, vars: {}, profile: , target: dev, version: 1.9.4
[0m11:53:55.187762 [info ] [Dummy-1   ]: Unable to do partial parsing because saved manifest not found. Starting full parse.
[0m11:53:56.504912 [debug] [Dummy-1   ]: Wrote artifact WritableManifest to /tmp/dbt/target/manifest.json
[0m11:53:56.506833 [debug] [Dummy-1   ]: Wrote artifact SemanticManifest to /tmp/dbt/target/semantic_manifest.json
[0m11:53:56.545294 [info ] [Dummy-1   ]: Found 1 model, 1 source, 474 macros
[0m11:53:56.547152 [info ] [Dummy-1   ]: 
[0m11:53:56.547687 [info ] [Dummy-1   ]: Concurrency: 8 threads (target='dev')
[0m11:53:56.548121 [info ] [Dummy-1   ]: 
[0m11:53:56.548947 [debug] [Dummy-1   ]: Acquiring new snowflake connection 'master'
[0m11:53:56.550520 [debug] [ThreadPool]: Acquiring new snowflake connection 'list_SNOWFLAKE'
[0m11:53:56.629572 [debug] [ThreadPool]: Using snowflake connection "list_SNOWFLAKE"
[0m11:53:56.630152 [debug] [ThreadPool]: On list_SNOWFLAKE: /* {"app": "dbt", "dbt_version": "1.9.4", "profile_name": "snowflake_local", "target_name": "dev", "connection_name": "list_SNOWFLAKE"} */
show terse schemas in database SNOWFLAKE
    limit 10000
[0m11:53:56.630598 [debug] [ThreadPool]: Opening a new connection, currently in state init
[0m11:53:57.214322 [debug] [ThreadPool]: Snowflake adapter: Error running SQL: /* {"app": "dbt", "dbt_version": "1.9.4", "profile_name": "snowflake_local", "target_name": "dev", "connection_name": "list_SNOWFLAKE"} */
show terse schemas in database SNOWFLAKE
    limit 10000
[0m11:53:57.214904 [debug] [ThreadPool]: Snowflake adapter: Rolling back transaction.
[0m11:53:57.215362 [debug] [ThreadPool]: Opening a new connection, currently in state init
[0m11:53:57.772452 [debug] [ThreadPool]: Snowflake adapter: Error running SQL: macro list_schemas
[0m11:53:57.773020 [debug] [ThreadPool]: Snowflake adapter: Rolling back transaction.
[0m11:53:57.773503 [debug] [ThreadPool]: Opening a new connection, currently in state init
[0m11:53:58.310963 [debug] [Dummy-1   ]: Connection 'master' was properly closed.
[0m11:53:58.311754 [debug] [Dummy-1   ]: Connection 'list_SNOWFLAKE' was properly closed.
[0m11:53:58.312256 [info ] [Dummy-1   ]: 
[0m11:53:58.312739 [info ] [Dummy-1   ]: Finished running  in 0 hours 0 minutes and 1.76 seconds (1.76s).
[0m11:53:58.313453 [error] [Dummy-1   ]: Encountered an error:
Failed to use schema PUBLIC: 002043 (02000): SQL compilation error:
Object does not exist, or operation cannot be performed.
[0m11:53:58.323265 [error] [Dummy-1   ]: Traceback (most recent call last):
  File "_udf_code.py", line 848, in new_open_method
    use_schema_with_error_interception(new_session, params_dict, creds.schema)
  File "_udf_code.py", line 1044, in use_schema_with_error_interception
    return _intercept_user_errors("session.use_schema", params_dict, lambda: session.use_schema(schema))
           ^^^^^^^^^^^^^^^^^^^^^^^^^^^^^^^^^^^^^^^^^^^^^^^^^^^^^^^^^^^^^^^^^^^^^^^^^^^^^^^^^^^^^^^^^^^^^
  File "_udf_code.py", line 931, in _intercept_user_errors
    return operation_callable()
           ^^^^^^^^^^^^^^^^^^^^
  File "_udf_code.py", line 1044, in <lambda>
    return _intercept_user_errors("session.use_schema", params_dict, lambda: session.use_schema(schema))
                                                                             ^^^^^^^^^^^^^^^^^^^^^^^^^^
  File "/usr/lib/python_udf/7572a8db11e712fed6beb756e6c14cdfd320d48237f422b7a5b1ae764f1db134/lib/python3.11/site-packages/snowflake/snowpark/session.py", line 3927, in use_schema
    self._use_object(schema, "schema")
  File "/usr/lib/python_udf/7572a8db11e712fed6beb756e6c14cdfd320d48237f422b7a5b1ae764f1db134/lib/python3.11/site-packages/snowflake/snowpark/session.py", line 3980, in _use_object
    self._run_query(query)
  File "/usr/lib/python_udf/7572a8db11e712fed6beb756e6c14cdfd320d48237f422b7a5b1ae764f1db134/lib/python3.11/site-packages/snowflake/snowpark/session.py", line 2837, in _run_query
    return self._conn.run_query(
           ^^^^^^^^^^^^^^^^^^^^^
  File "/usr/lib/python_udf/7572a8db11e712fed6beb756e6c14cdfd320d48237f422b7a5b1ae764f1db134/lib/python3.11/site-packages/snowflake/snowpark/_internal/server_connection.py", line 133, in wrap
    raise ex
  File "/usr/lib/python_udf/7572a8db11e712fed6beb756e6c14cdfd320d48237f422b7a5b1ae764f1db134/lib/python3.11/site-packages/snowflake/snowpark/_internal/server_connection.py", line 127, in wrap
    return func(*args, **kwargs)
           ^^^^^^^^^^^^^^^^^^^^^
  File "/usr/lib/python_udf/7572a8db11e712fed6beb756e6c14cdfd320d48237f422b7a5b1ae764f1db134/lib/python3.11/site-packages/snowflake/snowpark/_internal/server_connection.py", line 520, in run_query
    raise ex
  File "/usr/lib/python_udf/7572a8db11e712fed6beb756e6c14cdfd320d48237f422b7a5b1ae764f1db134/lib/python3.11/site-packages/snowflake/snowpark/_internal/server_connection.py", line 505, in run_query
    results_cursor = self.execute_and_notify_query_listener(
                     ^^^^^^^^^^^^^^^^^^^^^^^^^^^^^^^^^^^^^^^
  File "/usr/lib/python_udf/7572a8db11e712fed6beb756e6c14cdfd320d48237f422b7a5b1ae764f1db134/lib/python3.11/site-packages/snowflake/snowpark/_internal/server_connection.py", line 446, in execute_and_notify_query_listener
    raise ex
  File "/usr/lib/python_udf/7572a8db11e712fed6beb756e6c14cdfd320d48237f422b7a5b1ae764f1db134/lib/python3.11/site-packages/snowflake/snowpark/_internal/server_connection.py", line 437, in execute_and_notify_query_listener
    results_cursor = self._cursor.execute(query, **kwargs)
                     ^^^^^^^^^^^^^^^^^^^^^^^^^^^^^^^^^^^^^
  File "_udf_code.py", line 521, in wrapper
    return original_execute(self, sql, **kwargs)
           ^^^^^^^^^^^^^^^^^^^^^^^^^^^^^^^^^^^^^
  File "/usr/lib/python_udf/7572a8db11e712fed6beb756e6c14cdfd320d48237f422b7a5b1ae764f1db134/lib/python3.11/site-packages/snowflake/connector/cursor.py", line 1092, in execute
    Error.errorhandler_wrapper(
  File "/usr/lib/python_udf/7572a8db11e712fed6beb756e6c14cdfd320d48237f422b7a5b1ae764f1db134/lib/python3.11/site-packages/snowflake/connector/errors.py", line 232, in errorhandler_wrapper
    handed_over = Error.hand_to_other_handler(
                  ^^^^^^^^^^^^^^^^^^^^^^^^^^^^
  File "/usr/lib/python_udf/7572a8db11e712fed6beb756e6c14cdfd320d48237f422b7a5b1ae764f1db134/lib/python3.11/site-packages/snowflake/connector/errors.py", line 287, in hand_to_other_handler
    cursor.errorhandler(connection, cursor, error_class, error_value)
  File "/usr/lib/python_udf/7572a8db11e712fed6beb756e6c14cdfd320d48237f422b7a5b1ae764f1db134/lib/python3.11/site-packages/snowflake/connector/errors.py", line 165, in default_errorhandler
    raise error_class(
snowflake.connector.errors.ProgrammingError: 002043 (02000): SQL compilation error:
Object does not exist, or operation cannot be performed.

The above exception was the direct cause of the following exception:

Traceback (most recent call last):
  File "/usr/lib/python_udf/7572a8db11e712fed6beb756e6c14cdfd320d48237f422b7a5b1ae764f1db134/lib/python3.11/site-packages/dbt/adapters/snowflake/connections.py", line 341, in exception_handler
    yield
  File "/usr/lib/python_udf/7572a8db11e712fed6beb756e6c14cdfd320d48237f422b7a5b1ae764f1db134/lib/python3.11/site-packages/dbt/adapters/sql/connections.py", line 146, in add_query
    cursor = connection.handle.cursor()
             ^^^^^^^^^^^^^^^^^
  File "/usr/lib/python_udf/7572a8db11e712fed6beb756e6c14cdfd320d48237f422b7a5b1ae764f1db134/lib/python3.11/site-packages/dbt/adapters/contracts/connection.py", line 96, in handle
    self._handle.resolve(self)
  File "/usr/lib/python_udf/7572a8db11e712fed6beb756e6c14cdfd320d48237f422b7a5b1ae764f1db134/lib/python3.11/site-packages/dbt/adapters/contracts/connection.py", line 120, in resolve
    return self.opener(connection)
           ^^^^^^^^^^^^^^^^^^^^^^^
  File "_udf_code.py", line 850, in new_open_method
    raise ValueError(f"Failed to use schema {creds.schema}: {e!s}") from e
ValueError: Failed to use schema PUBLIC: 002043 (02000): SQL compilation error:
Object does not exist, or operation cannot be performed.

During handling of the above exception, another exception occurred:

Traceback (most recent call last):
  File "_udf_code.py", line 848, in new_open_method
    use_schema_with_error_interception(new_session, params_dict, creds.schema)
  File "_udf_code.py", line 1044, in use_schema_with_error_interception
    return _intercept_user_errors("session.use_schema", params_dict, lambda: session.use_schema(schema))
           ^^^^^^^^^^^^^^^^^^^^^^^^^^^^^^^^^^^^^^^^^^^^^^^^^^^^^^^^^^^^^^^^^^^^^^^^^^^^^^^^^^^^^^^^^^^^^
  File "_udf_code.py", line 931, in _intercept_user_errors
    return operation_callable()
           ^^^^^^^^^^^^^^^^^^^^
  File "_udf_code.py", line 1044, in <lambda>
    return _intercept_user_errors("session.use_schema", params_dict, lambda: session.use_schema(schema))
                                                                             ^^^^^^^^^^^^^^^^^^^^^^^^^^
  File "/usr/lib/python_udf/7572a8db11e712fed6beb756e6c14cdfd320d48237f422b7a5b1ae764f1db134/lib/python3.11/site-packages/snowflake/snowpark/session.py", line 3927, in use_schema
    self._use_object(schema, "schema")
  File "/usr/lib/python_udf/7572a8db11e712fed6beb756e6c14cdfd320d48237f422b7a5b1ae764f1db134/lib/python3.11/site-packages/snowflake/snowpark/session.py", line 3980, in _use_object
    self._run_query(query)
  File "/usr/lib/python_udf/7572a8db11e712fed6beb756e6c14cdfd320d48237f422b7a5b1ae764f1db134/lib/python3.11/site-packages/snowflake/snowpark/session.py", line 2837, in _run_query
    return self._conn.run_query(
           ^^^^^^^^^^^^^^^^^^^^^
  File "/usr/lib/python_udf/7572a8db11e712fed6beb756e6c14cdfd320d48237f422b7a5b1ae764f1db134/lib/python3.11/site-packages/snowflake/snowpark/_internal/server_connection.py", line 133, in wrap
    raise ex
  File "/usr/lib/python_udf/7572a8db11e712fed6beb756e6c14cdfd320d48237f422b7a5b1ae764f1db134/lib/python3.11/site-packages/snowflake/snowpark/_internal/server_connection.py", line 127, in wrap
    return func(*args, **kwargs)
           ^^^^^^^^^^^^^^^^^^^^^
  File "/usr/lib/python_udf/7572a8db11e712fed6beb756e6c14cdfd320d48237f422b7a5b1ae764f1db134/lib/python3.11/site-packages/snowflake/snowpark/_internal/server_connection.py", line 520, in run_query
    raise ex
  File "/usr/lib/python_udf/7572a8db11e712fed6beb756e6c14cdfd320d48237f422b7a5b1ae764f1db134/lib/python3.11/site-packages/snowflake/snowpark/_internal/server_connection.py", line 505, in run_query
    results_cursor = self.execute_and_notify_query_listener(
                     ^^^^^^^^^^^^^^^^^^^^^^^^^^^^^^^^^^^^^^^
  File "/usr/lib/python_udf/7572a8db11e712fed6beb756e6c14cdfd320d48237f422b7a5b1ae764f1db134/lib/python3.11/site-packages/snowflake/snowpark/_internal/server_connection.py", line 446, in execute_and_notify_query_listener
    raise ex
  File "/usr/lib/python_udf/7572a8db11e712fed6beb756e6c14cdfd320d48237f422b7a5b1ae764f1db134/lib/python3.11/site-packages/snowflake/snowpark/_internal/server_connection.py", line 437, in execute_and_notify_query_listener
    results_cursor = self._cursor.execute(query, **kwargs)
                     ^^^^^^^^^^^^^^^^^^^^^^^^^^^^^^^^^^^^^
  File "_udf_code.py", line 521, in wrapper
    return original_execute(self, sql, **kwargs)
           ^^^^^^^^^^^^^^^^^^^^^^^^^^^^^^^^^^^^^
  File "/usr/lib/python_udf/7572a8db11e712fed6beb756e6c14cdfd320d48237f422b7a5b1ae764f1db134/lib/python3.11/site-packages/snowflake/connector/cursor.py", line 1092, in execute
    Error.errorhandler_wrapper(
  File "/usr/lib/python_udf/7572a8db11e712fed6beb756e6c14cdfd320d48237f422b7a5b1ae764f1db134/lib/python3.11/site-packages/snowflake/connector/errors.py", line 232, in errorhandler_wrapper
    handed_over = Error.hand_to_other_handler(
                  ^^^^^^^^^^^^^^^^^^^^^^^^^^^^
  File "/usr/lib/python_udf/7572a8db11e712fed6beb756e6c14cdfd320d48237f422b7a5b1ae764f1db134/lib/python3.11/site-packages/snowflake/connector/errors.py", line 287, in hand_to_other_handler
    cursor.errorhandler(connection, cursor, error_class, error_value)
  File "/usr/lib/python_udf/7572a8db11e712fed6beb756e6c14cdfd320d48237f422b7a5b1ae764f1db134/lib/python3.11/site-packages/snowflake/connector/errors.py", line 165, in default_errorhandler
    raise error_class(
snowflake.connector.errors.ProgrammingError: 002043 (02000): SQL compilation error:
Object does not exist, or operation cannot be performed.

The above exception was the direct cause of the following exception:

Traceback (most recent call last):
  File "/usr/lib/python_udf/7572a8db11e712fed6beb756e6c14cdfd320d48237f422b7a5b1ae764f1db134/lib/python3.11/site-packages/dbt/adapters/snowflake/connections.py", line 341, in exception_handler
    yield
  File "/usr/lib/python_udf/7572a8db11e712fed6beb756e6c14cdfd320d48237f422b7a5b1ae764f1db134/lib/python3.11/site-packages/dbt/adapters/base/impl.py", line 1276, in execute_macro
    result = macro_function(**kwargs)
             ^^^^^^^^^^^^^^^^^^^^^^^^
  File "/usr/lib/python_udf/7572a8db11e712fed6beb756e6c14cdfd320d48237f422b7a5b1ae764f1db134/lib/python3.11/site-packages/dbt_common/clients/jinja.py", line 421, in __call__
    return self.call_macro(*args, **kwargs)
           ^^^^^^^^^^^^^^^^^^^^^^^^^^^^^^^^
  File "/usr/lib/python_udf/7572a8db11e712fed6beb756e6c14cdfd320d48237f422b7a5b1ae764f1db134/lib/python3.11/site-packages/dbt_common/clients/jinja.py", line 389, in call_macro
    return macro(*args, **kwargs)
           ^^^^^^^^^^^^^^^^^^^^^^
  File "/usr/lib/python_udf/7572a8db11e712fed6beb756e6c14cdfd320d48237f422b7a5b1ae764f1db134/lib/python3.11/site-packages/jinja2/runtime.py", line 770, in __call__
    return self._invoke(arguments, autoescape)
           ^^^^^^^^^^^^^^^^^^^^^^^^^^^^^^^^^^^
  File "/usr/lib/python_udf/7572a8db11e712fed6beb756e6c14cdfd320d48237f422b7a5b1ae764f1db134/lib/python3.11/site-packages/jinja2/runtime.py", line 784, in _invoke
    rv = self._func(*arguments)
         ^^^^^^^^^^^^^^^^^^^^^^
  File "<template>", line 20, in macro
  File "/usr/lib/python_udf/7572a8db11e712fed6beb756e6c14cdfd320d48237f422b7a5b1ae764f1db134/lib/python3.11/site-packages/jinja2/sandbox.py", line 401, in call
    return __context.call(__obj, *args, **kwargs)
           ^^^^^^^^^^^^^^^^^^^^^^^^^^^^^^^^^^^^^^
  File "/usr/lib/python_udf/7572a8db11e712fed6beb756e6c14cdfd320d48237f422b7a5b1ae764f1db134/lib/python3.11/site-packages/jinja2/runtime.py", line 303, in call
    return __obj(*args, **kwargs)
           ^^^^^^^^^^^^^^^^^^^^^^
  File "/usr/lib/python_udf/7572a8db11e712fed6beb756e6c14cdfd320d48237f422b7a5b1ae764f1db134/lib/python3.11/site-packages/dbt/clients/jinja.py", line 91, in __call__
    return self.call_macro(*args, **kwargs)
           ^^^^^^^^^^^^^^^^^^^^^^^^^^^^^^^^
  File "/usr/lib/python_udf/7572a8db11e712fed6beb756e6c14cdfd320d48237f422b7a5b1ae764f1db134/lib/python3.11/site-packages/dbt_common/clients/jinja.py", line 389, in call_macro
    return macro(*args, **kwargs)
           ^^^^^^^^^^^^^^^^^^^^^^
  File "/usr/lib/python_udf/7572a8db11e712fed6beb756e6c14cdfd320d48237f422b7a5b1ae764f1db134/lib/python3.11/site-packages/jinja2/runtime.py", line 770, in __call__
    return self._invoke(arguments, autoescape)
           ^^^^^^^^^^^^^^^^^^^^^^^^^^^^^^^^^^^
  File "/usr/lib/python_udf/7572a8db11e712fed6beb756e6c14cdfd320d48237f422b7a5b1ae764f1db134/lib/python3.11/site-packages/jinja2/runtime.py", line 784, in _invoke
    rv = self._func(*arguments)
         ^^^^^^^^^^^^^^^^^^^^^^
  File "<template>", line 47, in macro
  File "/usr/lib/python_udf/7572a8db11e712fed6beb756e6c14cdfd320d48237f422b7a5b1ae764f1db134/lib/python3.11/site-packages/jinja2/sandbox.py", line 401, in call
    return __context.call(__obj, *args, **kwargs)
           ^^^^^^^^^^^^^^^^^^^^^^^^^^^^^^^^^^^^^^
  File "/usr/lib/python_udf/7572a8db11e712fed6beb756e6c14cdfd320d48237f422b7a5b1ae764f1db134/lib/python3.11/site-packages/jinja2/runtime.py", line 303, in call
    return __obj(*args, **kwargs)
           ^^^^^^^^^^^^^^^^^^^^^^
  File "/usr/lib/python_udf/7572a8db11e712fed6beb756e6c14cdfd320d48237f422b7a5b1ae764f1db134/lib/python3.11/site-packages/dbt/clients/jinja.py", line 91, in __call__
    return self.call_macro(*args, **kwargs)
           ^^^^^^^^^^^^^^^^^^^^^^^^^^^^^^^^
  File "/usr/lib/python_udf/7572a8db11e712fed6beb756e6c14cdfd320d48237f422b7a5b1ae764f1db134/lib/python3.11/site-packages/dbt_common/clients/jinja.py", line 389, in call_macro
    return macro(*args, **kwargs)
           ^^^^^^^^^^^^^^^^^^^^^^
  File "/usr/lib/python_udf/7572a8db11e712fed6beb756e6c14cdfd320d48237f422b7a5b1ae764f1db134/lib/python3.11/site-packages/jinja2/runtime.py", line 770, in __call__
    return self._invoke(arguments, autoescape)
           ^^^^^^^^^^^^^^^^^^^^^^^^^^^^^^^^^^^
  File "/usr/lib/python_udf/7572a8db11e712fed6beb756e6c14cdfd320d48237f422b7a5b1ae764f1db134/lib/python3.11/site-packages/jinja2/runtime.py", line 784, in _invoke
    rv = self._func(*arguments)
         ^^^^^^^^^^^^^^^^^^^^^^
  File "<template>", line 33, in macro
  File "/usr/lib/python_udf/7572a8db11e712fed6beb756e6c14cdfd320d48237f422b7a5b1ae764f1db134/lib/python3.11/site-packages/jinja2/sandbox.py", line 401, in call
    return __context.call(__obj, *args, **kwargs)
           ^^^^^^^^^^^^^^^^^^^^^^^^^^^^^^^^^^^^^^
  File "/usr/lib/python_udf/7572a8db11e712fed6beb756e6c14cdfd320d48237f422b7a5b1ae764f1db134/lib/python3.11/site-packages/jinja2/runtime.py", line 303, in call
    return __obj(*args, **kwargs)
           ^^^^^^^^^^^^^^^^^^^^^^
  File "/usr/lib/python_udf/7572a8db11e712fed6beb756e6c14cdfd320d48237f422b7a5b1ae764f1db134/lib/python3.11/site-packages/dbt/clients/jinja.py", line 91, in __call__
    return self.call_macro(*args, **kwargs)
           ^^^^^^^^^^^^^^^^^^^^^^^^^^^^^^^^
  File "/usr/lib/python_udf/7572a8db11e712fed6beb756e6c14cdfd320d48237f422b7a5b1ae764f1db134/lib/python3.11/site-packages/dbt_common/clients/jinja.py", line 389, in call_macro
    return macro(*args, **kwargs)
           ^^^^^^^^^^^^^^^^^^^^^^
  File "/usr/lib/python_udf/7572a8db11e712fed6beb756e6c14cdfd320d48237f422b7a5b1ae764f1db134/lib/python3.11/site-packages/jinja2/runtime.py", line 770, in __call__
    return self._invoke(arguments, autoescape)
           ^^^^^^^^^^^^^^^^^^^^^^^^^^^^^^^^^^^
  File "/usr/lib/python_udf/7572a8db11e712fed6beb756e6c14cdfd320d48237f422b7a5b1ae764f1db134/lib/python3.11/site-packages/jinja2/runtime.py", line 784, in _invoke
    rv = self._func(*arguments)
         ^^^^^^^^^^^^^^^^^^^^^^
  File "<template>", line 52, in macro
  File "/usr/lib/python_udf/7572a8db11e712fed6beb756e6c14cdfd320d48237f422b7a5b1ae764f1db134/lib/python3.11/site-packages/jinja2/sandbox.py", line 401, in call
    return __context.call(__obj, *args, **kwargs)
           ^^^^^^^^^^^^^^^^^^^^^^^^^^^^^^^^^^^^^^
  File "/usr/lib/python_udf/7572a8db11e712fed6beb756e6c14cdfd320d48237f422b7a5b1ae764f1db134/lib/python3.11/site-packages/jinja2/runtime.py", line 303, in call
    return __obj(*args, **kwargs)
           ^^^^^^^^^^^^^^^^^^^^^^
  File "/usr/lib/python_udf/7572a8db11e712fed6beb756e6c14cdfd320d48237f422b7a5b1ae764f1db134/lib/python3.11/site-packages/dbt_common/record.py", line 507, in record_replay_wrapper
    return func_to_record(*call_args, **kwargs)
           ^^^^^^^^^^^^^^^^^^^^^^^^^^^^^^^^^^^^
  File "/usr/lib/python_udf/7572a8db11e712fed6beb756e6c14cdfd320d48237f422b7a5b1ae764f1db134/lib/python3.11/site-packages/dbt/adapters/base/impl.py", line 438, in execute
    return self.connections.execute(sql=sql, auto_begin=auto_begin, fetch=fetch, limit=limit)
           ^^^^^^^^^^^^^^^^^^^^^^^^^^^^^^^^^^^^^^^^^^^^^^^^^^^^^^^^^^^^^^^^^^^^^^^^^^^^^^^^^^
  File "/usr/lib/python_udf/7572a8db11e712fed6beb756e6c14cdfd320d48237f422b7a5b1ae764f1db134/lib/python3.11/site-packages/dbt/adapters/snowflake/connections.py", line 538, in execute
    _, cursor = self.add_query(sql, auto_begin)
                ^^^^^^^^^^^^^^^^^^^^^^^^^^^^^^^
  File "/usr/lib/python_udf/7572a8db11e712fed6beb756e6c14cdfd320d48237f422b7a5b1ae764f1db134/lib/python3.11/site-packages/dbt/adapters/snowflake/connections.py", line 575, in add_query
    connection, cursor = self._add_standard_queries(
                         ^^^^^^^^^^^^^^^^^^^^^^^^^^^
  File "/usr/lib/python_udf/7572a8db11e712fed6beb756e6c14cdfd320d48237f422b7a5b1ae764f1db134/lib/python3.11/site-packages/dbt/adapters/snowflake/connections.py", line 631, in _add_standard_queries
    connection, cursor = self.add_standard_query(query, **kwargs)
                         ^^^^^^^^^^^^^^^^^^^^^^^^^^^^^^^^^^^^^^^^
  File "/usr/lib/python_udf/7572a8db11e712fed6beb756e6c14cdfd320d48237f422b7a5b1ae764f1db134/lib/python3.11/site-packages/dbt/adapters/snowflake/connections.py", line 549, in add_standard_query
    return super().add_query(self._add_query_comment(sql), **kwargs)
           ^^^^^^^^^^^^^^^^^^^^^^^^^^^^^^^^^^^^^^^^^^^^^^^^^^^^^^^^^
  File "/usr/lib/python_udf/7572a8db11e712fed6beb756e6c14cdfd320d48237f422b7a5b1ae764f1db134/lib/python3.11/site-packages/dbt/adapters/sql/connections.py", line 130, in add_query
    with self.exception_handler(sql):
  File "/usr/lib/python_udf/7572a8db11e712fed6beb756e6c14cdfd320d48237f422b7a5b1ae764f1db134/lib/python3.11/contextlib.py", line 158, in __exit__
    self.gen.throw(typ, value, traceback)
  File "/usr/lib/python_udf/7572a8db11e712fed6beb756e6c14cdfd320d48237f422b7a5b1ae764f1db134/lib/python3.11/site-packages/dbt/adapters/snowflake/connections.py", line 374, in exception_handler
    self.rollback_if_open()
  File "/usr/lib/python_udf/7572a8db11e712fed6beb756e6c14cdfd320d48237f422b7a5b1ae764f1db134/lib/python3.11/site-packages/dbt/adapters/base/connections.py", line 125, in rollback_if_open
    if conn is not None and conn.handle and conn.transaction_open:
                            ^^^^^^^^^^^
  File "/usr/lib/python_udf/7572a8db11e712fed6beb756e6c14cdfd320d48237f422b7a5b1ae764f1db134/lib/python3.11/site-packages/dbt/adapters/contracts/connection.py", line 96, in handle
    self._handle.resolve(self)
  File "/usr/lib/python_udf/7572a8db11e712fed6beb756e6c14cdfd320d48237f422b7a5b1ae764f1db134/lib/python3.11/site-packages/dbt/adapters/contracts/connection.py", line 120, in resolve
    return self.opener(connection)
           ^^^^^^^^^^^^^^^^^^^^^^^
  File "_udf_code.py", line 850, in new_open_method
    raise ValueError(f"Failed to use schema {creds.schema}: {e!s}") from e
ValueError: Failed to use schema PUBLIC: 002043 (02000): SQL compilation error:
Object does not exist, or operation cannot be performed.

During handling of the above exception, another exception occurred:

Traceback (most recent call last):
  File "_udf_code.py", line 848, in new_open_method
    use_schema_with_error_interception(new_session, params_dict, creds.schema)
  File "_udf_code.py", line 1044, in use_schema_with_error_interception
    return _intercept_user_errors("session.use_schema", params_dict, lambda: session.use_schema(schema))
           ^^^^^^^^^^^^^^^^^^^^^^^^^^^^^^^^^^^^^^^^^^^^^^^^^^^^^^^^^^^^^^^^^^^^^^^^^^^^^^^^^^^^^^^^^^^^^
  File "_udf_code.py", line 931, in _intercept_user_errors
    return operation_callable()
           ^^^^^^^^^^^^^^^^^^^^
  File "_udf_code.py", line 1044, in <lambda>
    return _intercept_user_errors("session.use_schema", params_dict, lambda: session.use_schema(schema))
                                                                             ^^^^^^^^^^^^^^^^^^^^^^^^^^
  File "/usr/lib/python_udf/7572a8db11e712fed6beb756e6c14cdfd320d48237f422b7a5b1ae764f1db134/lib/python3.11/site-packages/snowflake/snowpark/session.py", line 3927, in use_schema
    self._use_object(schema, "schema")
  File "/usr/lib/python_udf/7572a8db11e712fed6beb756e6c14cdfd320d48237f422b7a5b1ae764f1db134/lib/python3.11/site-packages/snowflake/snowpark/session.py", line 3980, in _use_object
    self._run_query(query)
  File "/usr/lib/python_udf/7572a8db11e712fed6beb756e6c14cdfd320d48237f422b7a5b1ae764f1db134/lib/python3.11/site-packages/snowflake/snowpark/session.py", line 2837, in _run_query
    return self._conn.run_query(
           ^^^^^^^^^^^^^^^^^^^^^
  File "/usr/lib/python_udf/7572a8db11e712fed6beb756e6c14cdfd320d48237f422b7a5b1ae764f1db134/lib/python3.11/site-packages/snowflake/snowpark/_internal/server_connection.py", line 133, in wrap
    raise ex
  File "/usr/lib/python_udf/7572a8db11e712fed6beb756e6c14cdfd320d48237f422b7a5b1ae764f1db134/lib/python3.11/site-packages/snowflake/snowpark/_internal/server_connection.py", line 127, in wrap
    return func(*args, **kwargs)
           ^^^^^^^^^^^^^^^^^^^^^
  File "/usr/lib/python_udf/7572a8db11e712fed6beb756e6c14cdfd320d48237f422b7a5b1ae764f1db134/lib/python3.11/site-packages/snowflake/snowpark/_internal/server_connection.py", line 520, in run_query
    raise ex
  File "/usr/lib/python_udf/7572a8db11e712fed6beb756e6c14cdfd320d48237f422b7a5b1ae764f1db134/lib/python3.11/site-packages/snowflake/snowpark/_internal/server_connection.py", line 505, in run_query
    results_cursor = self.execute_and_notify_query_listener(
                     ^^^^^^^^^^^^^^^^^^^^^^^^^^^^^^^^^^^^^^^
  File "/usr/lib/python_udf/7572a8db11e712fed6beb756e6c14cdfd320d48237f422b7a5b1ae764f1db134/lib/python3.11/site-packages/snowflake/snowpark/_internal/server_connection.py", line 446, in execute_and_notify_query_listener
    raise ex
  File "/usr/lib/python_udf/7572a8db11e712fed6beb756e6c14cdfd320d48237f422b7a5b1ae764f1db134/lib/python3.11/site-packages/snowflake/snowpark/_internal/server_connection.py", line 437, in execute_and_notify_query_listener
    results_cursor = self._cursor.execute(query, **kwargs)
                     ^^^^^^^^^^^^^^^^^^^^^^^^^^^^^^^^^^^^^
  File "_udf_code.py", line 521, in wrapper
    return original_execute(self, sql, **kwargs)
           ^^^^^^^^^^^^^^^^^^^^^^^^^^^^^^^^^^^^^
  File "/usr/lib/python_udf/7572a8db11e712fed6beb756e6c14cdfd320d48237f422b7a5b1ae764f1db134/lib/python3.11/site-packages/snowflake/connector/cursor.py", line 1092, in execute
    Error.errorhandler_wrapper(
  File "/usr/lib/python_udf/7572a8db11e712fed6beb756e6c14cdfd320d48237f422b7a5b1ae764f1db134/lib/python3.11/site-packages/snowflake/connector/errors.py", line 232, in errorhandler_wrapper
    handed_over = Error.hand_to_other_handler(
                  ^^^^^^^^^^^^^^^^^^^^^^^^^^^^
  File "/usr/lib/python_udf/7572a8db11e712fed6beb756e6c14cdfd320d48237f422b7a5b1ae764f1db134/lib/python3.11/site-packages/snowflake/connector/errors.py", line 287, in hand_to_other_handler
    cursor.errorhandler(connection, cursor, error_class, error_value)
  File "/usr/lib/python_udf/7572a8db11e712fed6beb756e6c14cdfd320d48237f422b7a5b1ae764f1db134/lib/python3.11/site-packages/snowflake/connector/errors.py", line 165, in default_errorhandler
    raise error_class(
snowflake.connector.errors.ProgrammingError: 002043 (02000): SQL compilation error:
Object does not exist, or operation cannot be performed.

The above exception was the direct cause of the following exception:

Traceback (most recent call last):
  File "/usr/lib/python_udf/7572a8db11e712fed6beb756e6c14cdfd320d48237f422b7a5b1ae764f1db134/lib/python3.11/site-packages/dbt/cli/requires.py", line 153, in wrapper
    result, success = func(*args, **kwargs)
                      ^^^^^^^^^^^^^^^^^^^^^
  File "/usr/lib/python_udf/7572a8db11e712fed6beb756e6c14cdfd320d48237f422b7a5b1ae764f1db134/lib/python3.11/site-packages/dbt/cli/requires.py", line 103, in wrapper
    return func(*args, **kwargs)
           ^^^^^^^^^^^^^^^^^^^^^
  File "/usr/lib/python_udf/7572a8db11e712fed6beb756e6c14cdfd320d48237f422b7a5b1ae764f1db134/lib/python3.11/site-packages/dbt/cli/requires.py", line 235, in wrapper
    return func(*args, **kwargs)
           ^^^^^^^^^^^^^^^^^^^^^
  File "/usr/lib/python_udf/7572a8db11e712fed6beb756e6c14cdfd320d48237f422b7a5b1ae764f1db134/lib/python3.11/site-packages/dbt/cli/requires.py", line 264, in wrapper
    return func(*args, **kwargs)
           ^^^^^^^^^^^^^^^^^^^^^
  File "/usr/lib/python_udf/7572a8db11e712fed6beb756e6c14cdfd320d48237f422b7a5b1ae764f1db134/lib/python3.11/site-packages/dbt/cli/requires.py", line 311, in wrapper
    return func(*args, **kwargs)
           ^^^^^^^^^^^^^^^^^^^^^
  File "/usr/lib/python_udf/7572a8db11e712fed6beb756e6c14cdfd320d48237f422b7a5b1ae764f1db134/lib/python3.11/site-packages/dbt/cli/requires.py", line 328, in wrapper
    return func(*args, **kwargs)
           ^^^^^^^^^^^^^^^^^^^^^
  File "/usr/lib/python_udf/7572a8db11e712fed6beb756e6c14cdfd320d48237f422b7a5b1ae764f1db134/lib/python3.11/site-packages/dbt/cli/main.py", line 578, in run
    results = task.run()
              ^^^^^^^^^^
  File "/usr/lib/python_udf/7572a8db11e712fed6beb756e6c14cdfd320d48237f422b7a5b1ae764f1db134/lib/python3.11/site-packages/dbt/task/runnable.py", line 619, in run
    result = self.execute_with_hooks(selected_uids)
             ^^^^^^^^^^^^^^^^^^^^^^^^^^^^^^^^^^^^^^
  File "/usr/lib/python_udf/7572a8db11e712fed6beb756e6c14cdfd320d48237f422b7a5b1ae764f1db134/lib/python3.11/site-packages/dbt/task/runnable.py", line 557, in execute_with_hooks
    before_run_status = self.before_run(adapter, selected_uids)
                        ^^^^^^^^^^^^^^^^^^^^^^^^^^^^^^^^^^^^^^^
  File "/usr/lib/python_udf/7572a8db11e712fed6beb756e6c14cdfd320d48237f422b7a5b1ae764f1db134/lib/python3.11/site-packages/dbt/task/run.py", line 1056, in before_run
    self.create_schemas(adapter, required_schemas)
  File "/usr/lib/python_udf/7572a8db11e712fed6beb756e6c14cdfd320d48237f422b7a5b1ae764f1db134/lib/python3.11/site-packages/dbt/task/runnable.py", line 726, in create_schemas
    existing_schemas_lowered.update(ls_future.result())
                                    ^^^^^^^^^^^^^^^^^^
  File "/usr/lib/python_udf/7572a8db11e712fed6beb756e6c14cdfd320d48237f422b7a5b1ae764f1db134/lib/python3.11/concurrent/futures/_base.py", line 449, in result
    return self.__get_result()
           ^^^^^^^^^^^^^^^^^^^
  File "/usr/lib/python_udf/7572a8db11e712fed6beb756e6c14cdfd320d48237f422b7a5b1ae764f1db134/lib/python3.11/concurrent/futures/_base.py", line 401, in __get_result
    raise self._exception
  File "/usr/lib/python_udf/7572a8db11e712fed6beb756e6c14cdfd320d48237f422b7a5b1ae764f1db134/lib/python3.11/concurrent/futures/thread.py", line 58, in run
    result = self.fn(*self.args, **self.kwargs)
             ^^^^^^^^^^^^^^^^^^^^^^^^^^^^^^^^^^
  File "/usr/lib/python_udf/7572a8db11e712fed6beb756e6c14cdfd320d48237f422b7a5b1ae764f1db134/lib/python3.11/site-packages/dbt_common/utils/executor.py", line 20, in connected
    return func(*args, **kwargs)
           ^^^^^^^^^^^^^^^^^^^^^
  File "/usr/lib/python_udf/7572a8db11e712fed6beb756e6c14cdfd320d48237f422b7a5b1ae764f1db134/lib/python3.11/site-packages/dbt/task/runnable.py", line 701, in list_schemas
    for s in adapter.list_schemas(database_quoted)
             ^^^^^^^^^^^^^^^^^^^^^^^^^^^^^^^^^^^^^
  File "/usr/lib/python_udf/7572a8db11e712fed6beb756e6c14cdfd320d48237f422b7a5b1ae764f1db134/lib/python3.11/site-packages/dbt/adapters/snowflake/impl.py", line 156, in list_schemas
    results = self.execute_macro(LIST_SCHEMAS_MACRO_NAME, kwargs={"database": database})
              ^^^^^^^^^^^^^^^^^^^^^^^^^^^^^^^^^^^^^^^^^^^^^^^^^^^^^^^^^^^^^^^^^^^^^^^^^^
  File "/usr/lib/python_udf/7572a8db11e712fed6beb756e6c14cdfd320d48237f422b7a5b1ae764f1db134/lib/python3.11/site-packages/dbt/adapters/base/impl.py", line 1275, in execute_macro
    with self.connections.exception_handler(f"macro {macro_name}"):
  File "/usr/lib/python_udf/7572a8db11e712fed6beb756e6c14cdfd320d48237f422b7a5b1ae764f1db134/lib/python3.11/contextlib.py", line 158, in __exit__
    self.gen.throw(typ, value, traceback)
  File "/usr/lib/python_udf/7572a8db11e712fed6beb756e6c14cdfd320d48237f422b7a5b1ae764f1db134/lib/python3.11/site-packages/dbt/adapters/snowflake/connections.py", line 374, in exception_handler
    self.rollback_if_open()
  File "/usr/lib/python_udf/7572a8db11e712fed6beb756e6c14cdfd320d48237f422b7a5b1ae764f1db134/lib/python3.11/site-packages/dbt/adapters/base/connections.py", line 125, in rollback_if_open
    if conn is not None and conn.handle and conn.transaction_open:
                            ^^^^^^^^^^^
  File "/usr/lib/python_udf/7572a8db11e712fed6beb756e6c14cdfd320d48237f422b7a5b1ae764f1db134/lib/python3.11/site-packages/dbt/adapters/contracts/connection.py", line 96, in handle
    self._handle.resolve(self)
  File "/usr/lib/python_udf/7572a8db11e712fed6beb756e6c14cdfd320d48237f422b7a5b1ae764f1db134/lib/python3.11/site-packages/dbt/adapters/contracts/connection.py", line 120, in resolve
    return self.opener(connection)
           ^^^^^^^^^^^^^^^^^^^^^^^
  File "_udf_code.py", line 850, in new_open_method
    raise ValueError(f"Failed to use schema {creds.schema}: {e!s}") from e
ValueError: Failed to use schema PUBLIC: 002043 (02000): SQL compilation error:
Object does not exist, or operation cannot be performed.

[0m11:53:58.325945 [debug] [Dummy-1   ]: Resource report: {"command_name": "run", "command_success": false, "command_wall_clock_time": 3.9066057, "process_in_blocks": "0", "process_kernel_time": 0.75, "process_mem_max_rss": "466384", "process_out_blocks": "0", "process_user_time": 4.71}
[0m11:53:58.326578 [debug] [Dummy-1   ]: Command `cli run` failed at 11:53:58.326328 after 3.91 seconds
[0m11:53:58.327070 [debug] [Dummy-1   ]: Flushing usage events


============================== 11:56:23.603061 | c140c465-22cb-4894-a471-a3007618b7bf ==============================
[0m11:56:23.603061 [info ] [Dummy-1   ]: Running with dbt=1.9.4
[0m11:56:23.604011 [debug] [Dummy-1   ]: running dbt with arguments {'printer_width': '80', 'indirect_selection': 'eager', 'log_cache_events': 'False', 'write_json': 'True', 'partial_parse': 'True', 'cache_selected_only': 'False', 'profiles_dir': '/tmp/dbt/', 'fail_fast': 'False', 'debug': 'False', 'log_path': '/tmp/dbt/logs', 'version_check': 'True', 'warn_error': 'None', 'use_colors': 'True', 'use_experimental_parser': 'False', 'no_print': 'None', 'quiet': 'False', 'empty': 'False', 'warn_error_options': 'WarnErrorOptions(include=[], exclude=[])', 'introspect': 'True', 'invocation_command': 'dbt ', 'log_format': 'default', 'target_path': '/tmp/dbt/target/', 'static_parser': 'True', 'send_anonymous_usage_stats': 'False'}
[0m11:56:23.897310 [info ] [Dummy-1   ]: Registered adapter: snowflake=1.9.2
[0m11:56:24.318586 [debug] [Dummy-1   ]: checksum: 53ed91fada2233efb98368d1716b44ab532c83a9c293cf1890b7905d5b45fb25, vars: {}, profile: , target: dev, version: 1.9.4
[0m11:56:24.440338 [info ] [Dummy-1   ]: Unable to do partial parsing because profile has changed
[0m11:56:25.760037 [debug] [Dummy-1   ]: Wrote artifact WritableManifest to /tmp/dbt/target/manifest.json
[0m11:56:25.762185 [debug] [Dummy-1   ]: Wrote artifact SemanticManifest to /tmp/dbt/target/semantic_manifest.json
[0m11:56:25.800847 [info ] [Dummy-1   ]: Found 1 model, 1 source, 474 macros
[0m11:56:25.802795 [info ] [Dummy-1   ]: 
[0m11:56:25.803323 [info ] [Dummy-1   ]: Concurrency: 8 threads (target='dev')
[0m11:56:25.803790 [info ] [Dummy-1   ]: 
[0m11:56:25.804503 [debug] [Dummy-1   ]: Acquiring new snowflake connection 'master'
[0m11:56:25.806124 [debug] [ThreadPool]: Acquiring new snowflake connection 'list_LOCAL_DBT_INGESTION'
[0m11:56:25.887687 [debug] [ThreadPool]: Using snowflake connection "list_LOCAL_DBT_INGESTION"
[0m11:56:25.888267 [debug] [ThreadPool]: On list_LOCAL_DBT_INGESTION: /* {"app": "dbt", "dbt_version": "1.9.4", "profile_name": "snowflake_local", "target_name": "dev", "connection_name": "list_LOCAL_DBT_INGESTION"} */
show terse schemas in database LOCAL_DBT_INGESTION
    limit 10000
[0m11:56:25.888921 [debug] [ThreadPool]: Opening a new connection, currently in state init
[0m11:56:26.622039 [debug] [ThreadPool]: SQL status: SUCCESS 3 in 0.733 seconds
[0m11:56:26.625548 [debug] [ThreadPool]: Acquiring new snowflake connection 'list_LOCAL_DBT_INGESTION_PUBLIC'
[0m11:56:26.639199 [debug] [ThreadPool]: Using snowflake connection "list_LOCAL_DBT_INGESTION_PUBLIC"
[0m11:56:26.639766 [debug] [ThreadPool]: On list_LOCAL_DBT_INGESTION_PUBLIC: /* {"app": "dbt", "dbt_version": "1.9.4", "profile_name": "snowflake_local", "target_name": "dev", "connection_name": "list_LOCAL_DBT_INGESTION_PUBLIC"} */
alter session set quoted_identifiers_ignore_case = false;
[0m11:56:26.640253 [debug] [ThreadPool]: Opening a new connection, currently in state init
[0m11:56:27.318627 [debug] [ThreadPool]: SQL status: SUCCESS 1 in 0.678 seconds
[0m11:56:27.323352 [debug] [ThreadPool]: Using snowflake connection "list_LOCAL_DBT_INGESTION_PUBLIC"
[0m11:56:27.323949 [debug] [ThreadPool]: On list_LOCAL_DBT_INGESTION_PUBLIC: /* {"app": "dbt", "dbt_version": "1.9.4", "profile_name": "snowflake_local", "target_name": "dev", "connection_name": "list_LOCAL_DBT_INGESTION_PUBLIC"} */
show objects in LOCAL_DBT_INGESTION.PUBLIC
    limit 10000
    
;
[0m11:56:27.437601 [debug] [ThreadPool]: SQL status: SUCCESS 2 in 0.113 seconds
[0m11:56:27.440186 [debug] [ThreadPool]: Using snowflake connection "list_LOCAL_DBT_INGESTION_PUBLIC"
[0m11:56:27.440765 [debug] [ThreadPool]: On list_LOCAL_DBT_INGESTION_PUBLIC: /* {"app": "dbt", "dbt_version": "1.9.4", "profile_name": "snowflake_local", "target_name": "dev", "connection_name": "list_LOCAL_DBT_INGESTION_PUBLIC"} */
alter session unset quoted_identifiers_ignore_case;
[0m11:56:27.587521 [debug] [ThreadPool]: SQL status: SUCCESS 1 in 0.146 seconds
[0m11:56:27.596967 [debug] [Thread-2 (]: Began running node model.dbt_ingestion.stg_customers
[0m11:56:27.597881 [info ] [Thread-2 (]: 1 of 1 START sql view model PUBLIC.stg_customers ............................... [RUN]
[0m11:56:27.598741 [debug] [Thread-2 (]: Re-using an available connection from the pool (formerly list_LOCAL_DBT_INGESTION_PUBLIC, now model.dbt_ingestion.stg_customers)
[0m11:56:27.599326 [debug] [Thread-2 (]: Began compiling node model.dbt_ingestion.stg_customers
[0m11:56:27.608767 [debug] [Thread-2 (]: Writing injected SQL for node "model.dbt_ingestion.stg_customers"
[0m11:56:27.609730 [debug] [Thread-2 (]: Began executing node model.dbt_ingestion.stg_customers
[0m11:56:27.650407 [debug] [Thread-2 (]: Writing runtime sql for node "model.dbt_ingestion.stg_customers"
[0m11:56:27.651887 [debug] [Thread-2 (]: Using snowflake connection "model.dbt_ingestion.stg_customers"
[0m11:56:27.652521 [debug] [Thread-2 (]: On model.dbt_ingestion.stg_customers: /* {"app": "dbt", "dbt_version": "1.9.4", "profile_name": "snowflake_local", "target_name": "dev", "node_id": "model.dbt_ingestion.stg_customers"} */
create or replace   view LOCAL_DBT_INGESTION.PUBLIC.stg_customers
  
   as (
    with source as (
    select * from LOCAL_DBT_INGESTION.PUBLIC.raw_customers
),

renamed2 as (
    select
        id          as customer_id,
        name        as customer_name,
        email,
        created_at
    from source
)

select * from renamed2
  );
[0m11:56:27.653052 [debug] [Thread-2 (]: Opening a new connection, currently in state init
[0m11:56:28.691770 [debug] [Thread-2 (]: SQL status: SUCCESS 1 in 1.039 seconds
[0m11:56:28.724150 [info ] [Thread-2 (]: 1 of 1 OK created sql view model PUBLIC.stg_customers .......................... [[32mSUCCESS 1[0m in 1.12s]
[0m11:56:28.725033 [debug] [Thread-2 (]: Finished running node model.dbt_ingestion.stg_customers
[0m11:56:28.728396 [debug] [Dummy-1   ]: Connection 'master' was properly closed.
[0m11:56:28.728946 [debug] [Dummy-1   ]: Connection 'list_LOCAL_DBT_INGESTION' was properly closed.
[0m11:56:28.729397 [debug] [Dummy-1   ]: Connection 'model.dbt_ingestion.stg_customers' was properly closed.
[0m11:56:28.729934 [info ] [Dummy-1   ]: 
[0m11:56:28.730443 [info ] [Dummy-1   ]: Finished running 1 view model in 0 hours 0 minutes and 2.93 seconds (2.93s).
[0m11:56:28.731274 [debug] [Dummy-1   ]: Command end result
[0m11:56:28.754335 [debug] [Dummy-1   ]: Wrote artifact WritableManifest to /tmp/dbt/target/manifest.json
[0m11:56:28.756466 [debug] [Dummy-1   ]: Wrote artifact SemanticManifest to /tmp/dbt/target/semantic_manifest.json
[0m11:56:28.762873 [debug] [Dummy-1   ]: Wrote artifact RunExecutionResult to /tmp/dbt/target/run_results.json
[0m11:56:28.763404 [info ] [Dummy-1   ]: 
[0m11:56:28.764082 [info ] [Dummy-1   ]: [32mCompleted successfully[0m
[0m11:56:28.764574 [info ] [Dummy-1   ]: 
[0m11:56:28.765117 [info ] [Dummy-1   ]: Done. PASS=1 WARN=0 ERROR=0 SKIP=0 TOTAL=1
[0m11:56:28.766907 [debug] [Dummy-1   ]: Resource report: {"command_name": "run", "command_success": true, "command_wall_clock_time": 5.241465, "process_in_blocks": "0", "process_kernel_time": 0.87, "process_mem_max_rss": "520888", "process_out_blocks": "0", "process_user_time": 5.16}
[0m11:56:28.767544 [debug] [Dummy-1   ]: Command `cli run` succeeded at 11:56:28.767288 after 5.24 seconds
[0m11:56:28.768090 [debug] [Dummy-1   ]: Flushing usage events


============================== 11:58:35.571868 | 0c81422b-bec6-4421-92a2-eb822a31cc17 ==============================
[0m11:58:35.571868 [info ] [Dummy-1   ]: Running with dbt=1.9.4
[0m11:58:35.572868 [debug] [Dummy-1   ]: running dbt with arguments {'printer_width': '80', 'indirect_selection': 'eager', 'write_json': 'True', 'log_cache_events': 'False', 'partial_parse': 'True', 'cache_selected_only': 'False', 'profiles_dir': '/tmp/dbt/', 'debug': 'False', 'fail_fast': 'False', 'log_path': '/tmp/dbt/logs', 'warn_error': 'None', 'version_check': 'True', 'use_colors': 'True', 'use_experimental_parser': 'False', 'no_print': 'None', 'quiet': 'False', 'empty': 'False', 'log_format': 'default', 'invocation_command': 'dbt ', 'introspect': 'True', 'static_parser': 'True', 'target_path': '/tmp/dbt/target/', 'warn_error_options': 'WarnErrorOptions(include=[], exclude=[])', 'send_anonymous_usage_stats': 'False'}
[0m11:58:35.861188 [info ] [Dummy-1   ]: Registered adapter: snowflake=1.9.2
[0m11:58:36.276462 [debug] [Dummy-1   ]: checksum: 53ed91fada2233efb98368d1716b44ab532c83a9c293cf1890b7905d5b45fb25, vars: {}, profile: , target: dev, version: 1.9.4
[0m11:58:36.448875 [debug] [Dummy-1   ]: Partial parsing enabled: 0 files deleted, 0 files added, 0 files changed.
[0m11:58:36.449472 [debug] [Dummy-1   ]: Partial parsing enabled, no changes found, skipping parsing
[0m11:58:36.632479 [debug] [Dummy-1   ]: Wrote artifact WritableManifest to /tmp/dbt/target/manifest.json
[0m11:58:36.634540 [debug] [Dummy-1   ]: Wrote artifact SemanticManifest to /tmp/dbt/target/semantic_manifest.json
[0m11:58:36.680232 [info ] [Dummy-1   ]: Found 1 model, 1 source, 474 macros
[0m11:58:36.682405 [info ] [Dummy-1   ]: 
[0m11:58:36.683010 [info ] [Dummy-1   ]: Concurrency: 8 threads (target='dev')
[0m11:58:36.683509 [info ] [Dummy-1   ]: 
[0m11:58:36.684322 [debug] [Dummy-1   ]: Acquiring new snowflake connection 'master'
[0m11:58:36.686002 [debug] [ThreadPool]: Acquiring new snowflake connection 'list_LOCAL_DBT_INGESTION'
[0m11:58:36.769700 [debug] [ThreadPool]: Using snowflake connection "list_LOCAL_DBT_INGESTION"
[0m11:58:36.770362 [debug] [ThreadPool]: On list_LOCAL_DBT_INGESTION: /* {"app": "dbt", "dbt_version": "1.9.4", "profile_name": "snowflake_local", "target_name": "dev", "connection_name": "list_LOCAL_DBT_INGESTION"} */
show terse schemas in database LOCAL_DBT_INGESTION
    limit 10000
[0m11:58:36.770859 [debug] [ThreadPool]: Opening a new connection, currently in state init
[0m11:58:37.249377 [debug] [ThreadPool]: SQL status: SUCCESS 3 in 0.478 seconds
[0m11:58:37.252867 [debug] [ThreadPool]: Acquiring new snowflake connection 'list_LOCAL_DBT_INGESTION_PUBLIC'
[0m11:58:37.266231 [debug] [ThreadPool]: Using snowflake connection "list_LOCAL_DBT_INGESTION_PUBLIC"
[0m11:58:37.266869 [debug] [ThreadPool]: On list_LOCAL_DBT_INGESTION_PUBLIC: /* {"app": "dbt", "dbt_version": "1.9.4", "profile_name": "snowflake_local", "target_name": "dev", "connection_name": "list_LOCAL_DBT_INGESTION_PUBLIC"} */
alter session set quoted_identifiers_ignore_case = false;
[0m11:58:37.267440 [debug] [ThreadPool]: Opening a new connection, currently in state init
[0m11:58:37.861049 [debug] [ThreadPool]: SQL status: SUCCESS 1 in 0.593 seconds
[0m11:58:37.865904 [debug] [ThreadPool]: Using snowflake connection "list_LOCAL_DBT_INGESTION_PUBLIC"
[0m11:58:37.866525 [debug] [ThreadPool]: On list_LOCAL_DBT_INGESTION_PUBLIC: /* {"app": "dbt", "dbt_version": "1.9.4", "profile_name": "snowflake_local", "target_name": "dev", "connection_name": "list_LOCAL_DBT_INGESTION_PUBLIC"} */
show objects in LOCAL_DBT_INGESTION.PUBLIC
    limit 10000
    
;
[0m11:58:37.988383 [debug] [ThreadPool]: SQL status: SUCCESS 2 in 0.121 seconds
[0m11:58:37.990694 [debug] [ThreadPool]: Using snowflake connection "list_LOCAL_DBT_INGESTION_PUBLIC"
[0m11:58:37.991266 [debug] [ThreadPool]: On list_LOCAL_DBT_INGESTION_PUBLIC: /* {"app": "dbt", "dbt_version": "1.9.4", "profile_name": "snowflake_local", "target_name": "dev", "connection_name": "list_LOCAL_DBT_INGESTION_PUBLIC"} */
alter session unset quoted_identifiers_ignore_case;
[0m11:58:38.126665 [debug] [ThreadPool]: SQL status: SUCCESS 1 in 0.135 seconds
[0m11:58:38.137675 [debug] [Thread-2 (]: Began running node model.dbt_ingestion.stg_customers
[0m11:58:38.138685 [info ] [Thread-2 (]: 1 of 1 START sql view model PUBLIC.stg_customers ............................... [RUN]
[0m11:58:38.139517 [debug] [Thread-2 (]: Re-using an available connection from the pool (formerly list_LOCAL_DBT_INGESTION_PUBLIC, now model.dbt_ingestion.stg_customers)
[0m11:58:38.140086 [debug] [Thread-2 (]: Began compiling node model.dbt_ingestion.stg_customers
[0m11:58:38.149260 [debug] [Thread-2 (]: Writing injected SQL for node "model.dbt_ingestion.stg_customers"
[0m11:58:38.150108 [debug] [Thread-2 (]: Began executing node model.dbt_ingestion.stg_customers
[0m11:58:38.189952 [debug] [Thread-2 (]: Writing runtime sql for node "model.dbt_ingestion.stg_customers"
[0m11:58:38.191365 [debug] [Thread-2 (]: Using snowflake connection "model.dbt_ingestion.stg_customers"
[0m11:58:38.192013 [debug] [Thread-2 (]: On model.dbt_ingestion.stg_customers: /* {"app": "dbt", "dbt_version": "1.9.4", "profile_name": "snowflake_local", "target_name": "dev", "node_id": "model.dbt_ingestion.stg_customers"} */
create or replace   view LOCAL_DBT_INGESTION.PUBLIC.stg_customers
  
   as (
    with source as (
    select * from LOCAL_DBT_INGESTION.PUBLIC.raw_customers
),

renamed2 as (
    select
        id          as customer_id,
        name        as customer_name,
        email,
        created_at
    from source
)

select * from renamed2
  );
[0m11:58:38.192578 [debug] [Thread-2 (]: Opening a new connection, currently in state init
[0m11:58:39.036007 [debug] [Thread-2 (]: SQL status: SUCCESS 1 in 0.843 seconds
[0m11:58:39.067898 [info ] [Thread-2 (]: 1 of 1 OK created sql view model PUBLIC.stg_customers .......................... [[32mSUCCESS 1[0m in 0.93s]
[0m11:58:39.068878 [debug] [Thread-2 (]: Finished running node model.dbt_ingestion.stg_customers
[0m11:58:39.072340 [debug] [Dummy-1   ]: Connection 'master' was properly closed.
[0m11:58:39.072906 [debug] [Dummy-1   ]: Connection 'list_LOCAL_DBT_INGESTION' was properly closed.
[0m11:58:39.073354 [debug] [Dummy-1   ]: Connection 'model.dbt_ingestion.stg_customers' was properly closed.
[0m11:58:39.073835 [info ] [Dummy-1   ]: 
[0m11:58:39.074354 [info ] [Dummy-1   ]: Finished running 1 view model in 0 hours 0 minutes and 2.39 seconds (2.39s).
[0m11:58:39.075184 [debug] [Dummy-1   ]: Command end result
[0m11:58:39.097676 [debug] [Dummy-1   ]: Wrote artifact WritableManifest to /tmp/dbt/target/manifest.json
[0m11:58:39.099897 [debug] [Dummy-1   ]: Wrote artifact SemanticManifest to /tmp/dbt/target/semantic_manifest.json
[0m11:58:39.106479 [debug] [Dummy-1   ]: Wrote artifact RunExecutionResult to /tmp/dbt/target/run_results.json
[0m11:58:39.107029 [info ] [Dummy-1   ]: 
[0m11:58:39.107705 [info ] [Dummy-1   ]: [32mCompleted successfully[0m
[0m11:58:39.108242 [info ] [Dummy-1   ]: 
[0m11:58:39.108879 [info ] [Dummy-1   ]: Done. PASS=1 WARN=0 ERROR=0 SKIP=0 TOTAL=1
[0m11:58:39.110677 [debug] [Dummy-1   ]: Resource report: {"command_name": "run", "command_success": true, "command_wall_clock_time": 3.6162004, "process_in_blocks": "0", "process_kernel_time": 0.73, "process_mem_max_rss": "473212", "process_out_blocks": "0", "process_user_time": 4.08}
[0m11:58:39.111371 [debug] [Dummy-1   ]: Command `cli run` succeeded at 11:58:39.111075 after 3.62 seconds
[0m11:58:39.111934 [debug] [Dummy-1   ]: Flushing usage events
